should set values properly:
  1: |
    ports:
    - name: tcp
      port: 80
      protocol: TCP
      targetPort: 8080
    selector:
      app: my-release-xwiki
    sessionAffinity: ClientIP
    type: ClusterIP
